// Jest Snapshot v1, https://goo.gl/fbAQLP

exports[`TreeView should render when given valid props 1`] = `
<div>
  <WithStyles(Button)
    onClick={[Function]}
  >
    Test Button
  </WithStyles(Button)>
  <h1>
    Tree View
  </h1>
</div>
`;
